 * Debugger is active!
 * Debugger PIN: 834-312-765
 * Detected change in 'G:\\indoor_temp prediction\\main.py', reloading
